{"level":"info","message":"run static import","extra":{"packageName":"@nocobase/plugin-backups"},"meta":{"packageName":"@nocobase/plugin-backups"},"module":"cli","submodule":"","method":"","app":"main","dataSourceKey":"main","timestamp":"2026-09-10 20:55:12"}
{"level":"info","message":"run static import","extra":{"packageName":"@nocobase/plugin-file-manager"},"meta":{"packageName":"@nocobase/plugin-file-manager"},"module":"cli","submodule":"","method":"","app":"main","dataSourceKey":"main","timestamp":"2026-09-10 20:55:12"}
{"level":"info","message":"run static import","extra":{"packageName":"@nocobase/plugin-multi-app-manager"},"meta":{"packageName":"@nocobase/plugin-multi-app-manager"},"module":"cli","submodule":"","method":"","app":"main","dataSourceKey":"main","timestamp":"2026-09-10 20:55:13"}
{"level":"warn","message":"attempt 1/10: Unable to connect to the database: getaddrinfo EAI_AGAIN postgres","extra":{"method":"auth"},"meta":{},"module":"database","submodule":"","method":"auth","app":"main","reqId":"06e9c055-9623-410f-b700-5382f6d99962","dataSourceKey":"main","timestamp":"2026-09-10 20:55:14"}
{"level":"warn","message":"will retry in 1000ms...","extra":{"method":"auth"},"meta":{},"module":"database","submodule":"","method":"auth","app":"main","reqId":"06e9c055-9623-410f-b700-5382f6d99962","dataSourceKey":"main","timestamp":"2026-09-10 20:55:14"}
{"level":"warn","message":"attempt 2/10: Unable to connect to the database: getaddrinfo EAI_AGAIN postgres","extra":{"method":"auth"},"meta":{},"module":"database","submodule":"","method":"auth","app":"main","reqId":"06e9c055-9623-410f-b700-5382f6d99962","dataSourceKey":"main","timestamp":"2026-09-10 20:55:15"}
{"level":"warn","message":"will retry in 2000ms...","extra":{"method":"auth"},"meta":{},"module":"database","submodule":"","method":"auth","app":"main","reqId":"06e9c055-9623-410f-b700-5382f6d99962","dataSourceKey":"main","timestamp":"2026-09-10 20:55:15"}
{"level":"warn","message":"attempt 3/10: Unable to connect to the database: getaddrinfo EAI_AGAIN postgres","extra":{"method":"auth"},"meta":{},"module":"database","submodule":"","method":"auth","app":"main","reqId":"06e9c055-9623-410f-b700-5382f6d99962","dataSourceKey":"main","timestamp":"2026-09-10 20:55:17"}
{"level":"warn","message":"will retry in 4000ms...","extra":{"method":"auth"},"meta":{},"module":"database","submodule":"","method":"auth","app":"main","reqId":"06e9c055-9623-410f-b700-5382f6d99962","dataSourceKey":"main","timestamp":"2026-09-10 20:55:17"}
{"level":"warn","message":"attempt 4/10: Unable to connect to the database: getaddrinfo EAI_AGAIN postgres","extra":{"method":"auth"},"meta":{},"module":"database","submodule":"","method":"auth","app":"main","reqId":"06e9c055-9623-410f-b700-5382f6d99962","dataSourceKey":"main","timestamp":"2026-09-10 20:55:21"}
{"level":"warn","message":"will retry in 8000ms...","extra":{"method":"auth"},"meta":{},"module":"database","submodule":"","method":"auth","app":"main","reqId":"06e9c055-9623-410f-b700-5382f6d99962","dataSourceKey":"main","timestamp":"2026-09-10 20:55:21"}
{"level":"warn","message":"attempt 5/10: Unable to connect to the database: getaddrinfo EAI_AGAIN postgres","extra":{"method":"auth"},"meta":{},"module":"database","submodule":"","method":"auth","app":"main","reqId":"06e9c055-9623-410f-b700-5382f6d99962","dataSourceKey":"main","timestamp":"2026-09-10 20:55:29"}
{"level":"warn","message":"will retry in 16000ms...","extra":{"method":"auth"},"meta":{},"module":"database","submodule":"","method":"auth","app":"main","reqId":"06e9c055-9623-410f-b700-5382f6d99962","dataSourceKey":"main","timestamp":"2026-09-10 20:55:29"}
{"level":"warn","message":"attempt 6/10: Unable to connect to the database: getaddrinfo EAI_AGAIN postgres","extra":{"method":"auth"},"meta":{},"module":"database","submodule":"","method":"auth","app":"main","reqId":"06e9c055-9623-410f-b700-5382f6d99962","dataSourceKey":"main","timestamp":"2026-09-10 20:55:45"}
{"level":"warn","message":"will retry in 32000ms...","extra":{"method":"auth"},"meta":{},"module":"database","submodule":"","method":"auth","app":"main","reqId":"06e9c055-9623-410f-b700-5382f6d99962","dataSourceKey":"main","timestamp":"2026-09-10 20:55:45"}
{"level":"warn","message":"attempt 7/10: Unable to connect to the database: getaddrinfo EAI_AGAIN postgres","extra":{"method":"auth"},"meta":{},"module":"database","submodule":"","method":"auth","app":"main","reqId":"06e9c055-9623-410f-b700-5382f6d99962","dataSourceKey":"main","timestamp":"2026-09-10 20:56:15"}
{"level":"warn","message":"will retry in 64000ms...","extra":{"method":"auth"},"meta":{},"module":"database","submodule":"","method":"auth","app":"main","reqId":"06e9c055-9623-410f-b700-5382f6d99962","dataSourceKey":"main","timestamp":"2026-09-10 20:56:15"}
{"level":"warn","message":"attempt 8/10: Unable to connect to the database: getaddrinfo EAI_AGAIN postgres","extra":{"method":"auth"},"meta":{},"module":"database","submodule":"","method":"auth","app":"main","reqId":"06e9c055-9623-410f-b700-5382f6d99962","dataSourceKey":"main","timestamp":"2026-09-10 20:56:45"}
{"level":"warn","message":"will retry in 128000ms...","extra":{"method":"auth"},"meta":{},"module":"database","submodule":"","method":"auth","app":"main","reqId":"06e9c055-9623-410f-b700-5382f6d99962","dataSourceKey":"main","timestamp":"2026-09-10 20:56:45"}
{"level":"warn","message":"attempt 9/10: Unable to connect to the database: getaddrinfo EAI_AGAIN postgres","extra":{"method":"auth"},"meta":{},"module":"database","submodule":"","method":"auth","app":"main","reqId":"06e9c055-9623-410f-b700-5382f6d99962","dataSourceKey":"main","timestamp":"2026-09-10 20:57:15"}
{"level":"warn","message":"attempt 10/10: Unable to connect to the database: getaddrinfo EAI_AGAIN postgres","extra":{"method":"auth"},"meta":{},"module":"database","submodule":"","method":"auth","app":"main","reqId":"06e9c055-9623-410f-b700-5382f6d99962","dataSourceKey":"main","timestamp":"2026-09-10 20:57:45"}
{"level":"info","message":"[queue] gracefully shutting down...","extra":{},"meta":{},"module":"application","submodule":"","method":"","app":"main","reqId":"06e9c055-9623-410f-b700-5382f6d99962","dataSourceKey":"main","timestamp":"2026-09-10 20:57:45"}
2026-09-10 20:57:46 [info] Generating InstanceID... 
2026-09-10 20:57:46 [error] Failed to generate InstanceID "Get environment error: GenericFailure, GenericFailure, Get postgres configuration error: error connecting to server: failed to lookup address information: Temporary failure in name resolution"
2026-09-10 20:57:49 [info] License key not found 
{"level":"info","message":"run static import","extra":{"packageName":"@nocobase/plugin-backups"},"meta":{"packageName":"@nocobase/plugin-backups"},"module":"cli","submodule":"","method":"","app":"main","dataSourceKey":"main","timestamp":"2026-09-10 20:57:56"}
{"level":"info","message":"run static import","extra":{"packageName":"@nocobase/plugin-file-manager"},"meta":{"packageName":"@nocobase/plugin-file-manager"},"module":"cli","submodule":"","method":"","app":"main","dataSourceKey":"main","timestamp":"2026-09-10 20:57:56"}
{"level":"info","message":"run static import","extra":{"packageName":"@nocobase/plugin-multi-app-manager"},"meta":{"packageName":"@nocobase/plugin-multi-app-manager"},"module":"cli","submodule":"","method":"","app":"main","dataSourceKey":"main","timestamp":"2026-09-10 20:57:58"}
{"level":"info","message":"App supervisor initialized","extra":{"discoveryAdapter":"legacy","processAdapter":"legacy","commandAdapter":""},"meta":{"discoveryAdapter":"legacy","processAdapter":"legacy","commandAdapter":""},"module":"app-supervisor","submodule":"","method":"","app":"main","dataSourceKey":"main","timestamp":"2026-09-10 20:57:58"}
{"level":"warn","message":"attempt 1/10: Unable to connect to the database: getaddrinfo EAI_AGAIN postgres","extra":{"method":"auth"},"meta":{},"module":"database","submodule":"","method":"auth","app":"main","reqId":"276f92af-fa2e-486a-aa25-93050b3d7360","dataSourceKey":"main","timestamp":"2026-09-10 20:57:58"}
{"level":"warn","message":"will retry in 1000ms...","extra":{"method":"auth"},"meta":{},"module":"database","submodule":"","method":"auth","app":"main","reqId":"276f92af-fa2e-486a-aa25-93050b3d7360","dataSourceKey":"main","timestamp":"2026-09-10 20:57:58"}
{"level":"warn","message":"attempt 2/10: Unable to connect to the database: getaddrinfo EAI_AGAIN postgres","extra":{"method":"auth"},"meta":{},"module":"database","submodule":"","method":"auth","app":"main","reqId":"276f92af-fa2e-486a-aa25-93050b3d7360","dataSourceKey":"main","timestamp":"2026-09-10 20:57:59"}
{"level":"warn","message":"will retry in 2000ms...","extra":{"method":"auth"},"meta":{},"module":"database","submodule":"","method":"auth","app":"main","reqId":"276f92af-fa2e-486a-aa25-93050b3d7360","dataSourceKey":"main","timestamp":"2026-09-10 20:57:59"}
{"level":"warn","message":"attempt 3/10: Unable to connect to the database: getaddrinfo EAI_AGAIN postgres","extra":{"method":"auth"},"meta":{},"module":"database","submodule":"","method":"auth","app":"main","reqId":"276f92af-fa2e-486a-aa25-93050b3d7360","dataSourceKey":"main","timestamp":"2026-09-10 20:58:01"}
{"level":"warn","message":"will retry in 4000ms...","extra":{"method":"auth"},"meta":{},"module":"database","submodule":"","method":"auth","app":"main","reqId":"276f92af-fa2e-486a-aa25-93050b3d7360","dataSourceKey":"main","timestamp":"2026-09-10 20:58:01"}
{"level":"warn","message":"attempt 4/10: Unable to connect to the database: getaddrinfo EAI_AGAIN postgres","extra":{"method":"auth"},"meta":{},"module":"database","submodule":"","method":"auth","app":"main","reqId":"276f92af-fa2e-486a-aa25-93050b3d7360","dataSourceKey":"main","timestamp":"2026-09-10 20:58:05"}
{"level":"warn","message":"will retry in 8000ms...","extra":{"method":"auth"},"meta":{},"module":"database","submodule":"","method":"auth","app":"main","reqId":"276f92af-fa2e-486a-aa25-93050b3d7360","dataSourceKey":"main","timestamp":"2026-09-10 20:58:05"}
{"level":"warn","message":"attempt 5/10: Unable to connect to the database: getaddrinfo EAI_AGAIN postgres","extra":{"method":"auth"},"meta":{},"module":"database","submodule":"","method":"auth","app":"main","reqId":"276f92af-fa2e-486a-aa25-93050b3d7360","dataSourceKey":"main","timestamp":"2026-09-10 20:58:13"}
{"level":"warn","message":"will retry in 16000ms...","extra":{"method":"auth"},"meta":{},"module":"database","submodule":"","method":"auth","app":"main","reqId":"276f92af-fa2e-486a-aa25-93050b3d7360","dataSourceKey":"main","timestamp":"2026-09-10 20:58:13"}
{"level":"warn","message":"attempt 6/10: Unable to connect to the database: getaddrinfo EAI_AGAIN postgres","extra":{"method":"auth"},"meta":{},"module":"database","submodule":"","method":"auth","app":"main","reqId":"276f92af-fa2e-486a-aa25-93050b3d7360","dataSourceKey":"main","timestamp":"2026-09-10 20:58:29"}
{"level":"warn","message":"will retry in 32000ms...","extra":{"method":"auth"},"meta":{},"module":"database","submodule":"","method":"auth","app":"main","reqId":"276f92af-fa2e-486a-aa25-93050b3d7360","dataSourceKey":"main","timestamp":"2026-09-10 20:58:29"}
{"level":"warn","message":"attempt 7/10: Unable to connect to the database: getaddrinfo EAI_AGAIN postgres","extra":{"method":"auth"},"meta":{},"module":"database","submodule":"","method":"auth","app":"main","reqId":"276f92af-fa2e-486a-aa25-93050b3d7360","dataSourceKey":"main","timestamp":"2026-09-10 20:58:59"}
{"level":"warn","message":"will retry in 64000ms...","extra":{"method":"auth"},"meta":{},"module":"database","submodule":"","method":"auth","app":"main","reqId":"276f92af-fa2e-486a-aa25-93050b3d7360","dataSourceKey":"main","timestamp":"2026-09-10 20:58:59"}
{"level":"warn","message":"attempt 8/10: Unable to connect to the database: getaddrinfo EAI_AGAIN postgres","extra":{"method":"auth"},"meta":{},"module":"database","submodule":"","method":"auth","app":"main","reqId":"276f92af-fa2e-486a-aa25-93050b3d7360","dataSourceKey":"main","timestamp":"2026-09-10 20:59:29"}
{"level":"warn","message":"will retry in 128000ms...","extra":{"method":"auth"},"meta":{},"module":"database","submodule":"","method":"auth","app":"main","reqId":"276f92af-fa2e-486a-aa25-93050b3d7360","dataSourceKey":"main","timestamp":"2026-09-10 20:59:29"}
{"level":"warn","message":"attempt 9/10: Unable to connect to the database: getaddrinfo EAI_AGAIN postgres","extra":{"method":"auth"},"meta":{},"module":"database","submodule":"","method":"auth","app":"main","reqId":"276f92af-fa2e-486a-aa25-93050b3d7360","dataSourceKey":"main","timestamp":"2026-09-10 20:59:59"}
{"level":"warn","message":"attempt 10/10: Unable to connect to the database: getaddrinfo EAI_AGAIN postgres","extra":{"method":"auth"},"meta":{},"module":"database","submodule":"","method":"auth","app":"main","reqId":"276f92af-fa2e-486a-aa25-93050b3d7360","dataSourceKey":"main","timestamp":"2026-09-10 21:00:29"}
