2026-09-14 09:52:18 [info] License key not found 
[32m2026-09-14 10:04:54 [info]  run static import                           [39m extra={"packageName":"@nocobase/plugin-backups"} meta={"packageName":"@nocobase/plugin-backups"} module=cli app=main dataSourceKey=main
[32m2026-09-14 10:05:05 [info]  run static import                           [39m extra={"packageName":"@nocobase/plugin-file-manager"} meta={"packageName":"@nocobase/plugin-file-manager"} module=cli app=main dataSourceKey=main
[32m2026-09-14 10:06:04 [info]  run static import                           [39m extra={"packageName":"@nocobase/plugin-multi-app-manager"} meta={"packageName":"@nocobase/plugin-multi-app-manager"} module=cli app=main dataSourceKey=main
[32m2026-09-14 10:06:06 [info]  App supervisor initialized                  [39m extra={"discoveryAdapter":"legacy","processAdapter":"legacy","commandAdapter":""} meta={"discoveryAdapter":"legacy","processAdapter":"legacy","commandAdapter":""} module=app-supervisor app=main dataSourceKey=main
[34m2026-09-14 10:06:12 [debug] Setting app status                          [39m extra={"appName":"main","status":"commanding"} meta={"appName":"main","status":"commanding"} module=app-supervisor app=main dataSourceKey=main
[34m2026-09-14 10:06:06 [debug] create database instance: {"sync":{"alter":{"drop":false},"force":false},"logging":false,"dialect":"mysql","username":"","database":"","port":"3306","timezone":"-05:00","underscored":false,"pool":{},"migrator":{"context":{"app":{"appName":"main","name":"main"}}},"logger":{},"rawTimezone":"-05:00"}[39m extra={"databaseInstanceId":"VCkNL3KgRVehtk3YBefDu"} meta={"databaseInstanceId":"VCkNL3KgRVehtk3YBefDu"} module=database app=main reqId=4e9c20f1-4c8c-4d5c-be29-461797d72cce dataSourceKey=main
[33m2026-09-14 10:06:14 [warn]  attempt 1/10: Unable to connect to the database: Access denied for user ''@'localhost' (using password: YES)[39m extra={"method":"auth"} module=database method=auth app=main reqId=4e9c20f1-4c8c-4d5c-be29-461797d72cce dataSourceKey=main
[33m2026-09-14 10:06:14 [warn]  will retry in 1000ms...                     [39m extra={"method":"auth"} module=database method=auth app=main reqId=4e9c20f1-4c8c-4d5c-be29-461797d72cce dataSourceKey=main
[33m2026-09-14 10:06:15 [warn]  attempt 2/10: Unable to connect to the database: Access denied for user ''@'localhost' (using password: YES)[39m extra={"method":"auth"} module=database method=auth app=main reqId=4e9c20f1-4c8c-4d5c-be29-461797d72cce dataSourceKey=main
[33m2026-09-14 10:06:15 [warn]  will retry in 2000ms...                     [39m extra={"method":"auth"} module=database method=auth app=main reqId=4e9c20f1-4c8c-4d5c-be29-461797d72cce dataSourceKey=main
[33m2026-09-14 10:06:18 [warn]  attempt 3/10: Unable to connect to the database: Access denied for user ''@'localhost' (using password: YES)[39m extra={"method":"auth"} module=database method=auth app=main reqId=4e9c20f1-4c8c-4d5c-be29-461797d72cce dataSourceKey=main
[33m2026-09-14 10:06:18 [warn]  will retry in 4000ms...                     [39m extra={"method":"auth"} module=database method=auth app=main reqId=4e9c20f1-4c8c-4d5c-be29-461797d72cce dataSourceKey=main
[33m2026-09-14 10:06:22 [warn]  attempt 4/10: Unable to connect to the database: Access denied for user ''@'localhost' (using password: YES)[39m extra={"method":"auth"} module=database method=auth app=main reqId=4e9c20f1-4c8c-4d5c-be29-461797d72cce dataSourceKey=main
[33m2026-09-14 10:06:22 [warn]  will retry in 8000ms...                     [39m extra={"method":"auth"} module=database method=auth app=main reqId=4e9c20f1-4c8c-4d5c-be29-461797d72cce dataSourceKey=main
[33m2026-09-14 10:06:30 [warn]  attempt 5/10: Unable to connect to the database: Access denied for user ''@'localhost' (using password: YES)[39m extra={"method":"auth"} module=database method=auth app=main reqId=4e9c20f1-4c8c-4d5c-be29-461797d72cce dataSourceKey=main
[33m2026-09-14 10:06:30 [warn]  will retry in 16000ms...                    [39m extra={"method":"auth"} module=database method=auth app=main reqId=4e9c20f1-4c8c-4d5c-be29-461797d72cce dataSourceKey=main
[33m2026-09-14 10:06:46 [warn]  attempt 6/10: Unable to connect to the database: Access denied for user ''@'localhost' (using password: YES)[39m extra={"method":"auth"} module=database method=auth app=main reqId=4e9c20f1-4c8c-4d5c-be29-461797d72cce dataSourceKey=main
[33m2026-09-14 10:06:46 [warn]  will retry in 32000ms...                    [39m extra={"method":"auth"} module=database method=auth app=main reqId=4e9c20f1-4c8c-4d5c-be29-461797d72cce dataSourceKey=main
[33m2026-09-14 10:07:16 [warn]  attempt 7/10: Unable to connect to the database: Access denied for user ''@'localhost' (using password: YES)[39m extra={"method":"auth"} module=database method=auth app=main reqId=4e9c20f1-4c8c-4d5c-be29-461797d72cce dataSourceKey=main
[33m2026-09-14 10:07:16 [warn]  will retry in 64000ms...                    [39m extra={"method":"auth"} module=database method=auth app=main reqId=4e9c20f1-4c8c-4d5c-be29-461797d72cce dataSourceKey=main
[33m2026-09-14 10:07:46 [warn]  attempt 8/10: Unable to connect to the database: Access denied for user ''@'localhost' (using password: YES)[39m extra={"method":"auth"} module=database method=auth app=main reqId=4e9c20f1-4c8c-4d5c-be29-461797d72cce dataSourceKey=main
[33m2026-09-14 10:07:46 [warn]  will retry in 128000ms...                   [39m extra={"method":"auth"} module=database method=auth app=main reqId=4e9c20f1-4c8c-4d5c-be29-461797d72cce dataSourceKey=main
[33m2026-09-14 10:08:17 [warn]  attempt 9/10: Unable to connect to the database: Access denied for user ''@'localhost' (using password: YES)[39m extra={"method":"auth"} module=database method=auth app=main reqId=4e9c20f1-4c8c-4d5c-be29-461797d72cce dataSourceKey=main
[33m2026-09-14 10:08:47 [warn]  attempt 10/10: Unable to connect to the database: Access denied for user ''@'localhost' (using password: YES)[39m extra={"method":"auth"} module=database method=auth app=main reqId=4e9c20f1-4c8c-4d5c-be29-461797d72cce dataSourceKey=main
[34m2026-09-14 10:08:47 [debug] Setting app status                          [39m extra={"appName":"main","status":"error"} meta={"appName":"main","status":"error"} module=app-supervisor app=main dataSourceKey=main
[32m2026-09-14 10:08:47 [info]  [queue] gracefully shutting down...         [39m module=application app=main reqId=4e9c20f1-4c8c-4d5c-be29-461797d72cce dataSourceKey=main
[34m2026-09-14 10:08:47 [debug] Setting app status                          [39m extra={"appName":"main","status":"stopped"} meta={"appName":"main","status":"stopped"} module=app-supervisor app=main dataSourceKey=main
